Found no changes, using resolution from the lockfile
Configuration file: C:/Users/USTC/Documents/GitHub/hfnl-yanggroup.github.io/_config.yml
            Source: C:/Users/USTC/Documents/GitHub/hfnl-yanggroup.github.io
       Destination: C:/Users/USTC/Documents/GitHub/hfnl-yanggroup.github.io/_site
 Incremental build: disabled. Enable with --incremental
      Generating... 
                    done in 1.313 seconds.
 Auto-regeneration: enabled for 'C:/Users/USTC/Documents/GitHub/hfnl-yanggroup.github.io'
LiveReload address: http://127.0.0.1:35729
    Server address: http://127.0.0.1:4000/
  Server running... press ctrl-c to stop.
        LiveReload: Browser connected
[2026-09-14 14:29:40] ERROR '/.well-known/appspecific/com.chrome.devtools.json' not found.
[2026-09-14 14:30:06] ERROR '/.well-known/appspecific/com.chrome.devtools.json' not found.
[2026-09-14 14:32:12] ERROR '/.well-known/appspecific/com.chrome.devtools.json' not found.
[2026-09-14 14:32:26] ERROR '/.well-known/appspecific/com.chrome.devtools.json' not found.
[2026-09-14 14:32:34] ERROR '/.well-known/appspecific/com.chrome.devtools.json' not found.
      Regenerating: 1 file(s) changed at 2026-09-14 14:32:55
                    _includes/announcement.html
                    ...done in 1.7767969 seconds.
                    
[2026-09-14 14:32:56] ERROR '/.well-known/appspecific/com.chrome.devtools.json' not found.
